// Jest Snapshot v1, https://goo.gl/fbAQLP

exports[`Navbar Ut should display with default values 1`] = `ReactWrapper {}`;
