// Jest Snapshot v1, https://goo.gl/fbAQLP

exports[`TodoApp should render TodoApp correctly 1`] = `
<div>
  <h1>
    TodoApp (
    0
    ) 
  </h1>
  <hr />
  <div
    className="row"
  >
    <div
      className="col-7"
    >
      <TodoList
        handleComplete={[Function]}
        handleRemove={[Function]}
        todos={Array []}
      />
    </div>
    <div
      className="col-5"
    >
      <TodoAddForm
        handleAddTodo={[Function]}
      />
    </div>
  </div>
</div>
`;
