// Jest Snapshot v1, https://goo.gl/fbAQLP

exports[`SearchScreen UT should display with default values 1`] = `ReactWrapper {}`;
