// Jest Snapshot v1, https://goo.gl/fbAQLP

exports[`GifExpertApp Ut should match with snapshot 1`] = `
<div>
  <h1>
     GifExpertApp
  </h1>
  <form
    aria-label="form"
  >
    <input
      placeholder="Search gifs"
      type="text"
      value=""
    />
  </form>
  <div>
    <h3>
      Dragon Ball
    </h3>
    <h2>
      Loading...
    </h2>
    <div
      class="card-grid"
    />
  </div>
</div>
`;
