// Jest Snapshot v1, https://goo.gl/fbAQLP

exports[`GifGridItem UT should do match with snapshot 1`] = `
<div>
  <div
    class="card"
  >
    <img
      alt="title-image"
      src="image-url"
    />
    <p>
       
      title-image
    </p>
  </div>
</div>
`;
