// Jest Snapshot v1, https://goo.gl/fbAQLP

exports[`<RamonesApp /> UT Should display Hey Ho! Lets go! in the title 1`] = `
<Fragment>
  <h1>
    Hey Ho! Let's go!
  </h1>
  <p>
    They're forming in straight line
  </p>
  <p>
    They're going through a tight wind
  </p>
  <p>
    The kids are losing their minds
  </p>
  <p>
    The blitzkrieg bop
  </p>
  <p>
    Los Chichos!!
     - 
    Los Angeles, California
     - 
    Punk!
  </p>
</Fragment>
`;
