// Jest Snapshot v1, https://goo.gl/fbAQLP

exports[`HomeScreen UT should display correctly 1`] = `
<div>
  <h1>
    HomeScreen
  </h1>
  <hr />
  <pre>
    {
   "name": "Jane Doe",
   "email": "jan@mail.com"
}
  </pre>
</div>
`;
