// Jest Snapshot v1, https://goo.gl/fbAQLP

exports[`<HooksApp /> UT should display Hello! in the title 1`] = `
<div>
  <h1>
    Hello!
  </h1>
</div>
`;
