// Jest Snapshot v1, https://goo.gl/fbAQLP

exports[`LoginScreen UT should render LoginScreen 1`] = `ReactWrapper {}`;
